> Task :compileJava UP-TO-DATE
> Task :processResources UP-TO-DATE
> Task :classes UP-TO-DATE
> Task :resolveMainClassName

> Task :bootRun

  .   ____          _            __ _ _
 /\\ / ___'_ __ _ _(_)_ __  __ _ \ \ \ \
( ( )\___ | '_ | '_| | '_ \/ _` | \ \ \ \
 \\/  ___)| |_)| | | | | || (_| |  ) ) ) )
  '  |____| .__|_| |_|_| |_\__, | / / / /
 =========|_|==============|___/=/_/_/_/

 :: Spring Boot ::                (v4.0.5)

2026-06-22T15:07:02.934+09:00  INFO 9376 --- [           main] c.o.seoul.OperationSeoulApplication      : Starting OperationSeoulApplication using Java 17.0.17 with PID 9376 (C:\Users\SSAFY\Desktop\KHS\operation-seoul\backend\build\classes\java\main started by SSAFY in C:\Users\SSAFY\Desktop\KHS\operation-seoul\backend)
2026-06-22T15:07:02.938+09:00  INFO 9376 --- [           main] c.o.seoul.OperationSeoulApplication      : No active profile set, falling back to 1 default profile: "local"
2026-06-22T15:07:04.364+09:00  INFO 9376 --- [           main] o.s.boot.tomcat.TomcatWebServer          : Tomcat initialized with port 8080 (http)
2026-06-22T15:07:04.376+09:00  INFO 9376 --- [           main] o.apache.catalina.core.StandardService   : Starting service [Tomcat]
2026-06-22T15:07:04.376+09:00  INFO 9376 --- [           main] o.apache.catalina.core.StandardEngine    : Starting Servlet engine: [Apache Tomcat/11.0.20]
2026-06-22T15:07:04.432+09:00  INFO 9376 --- [           main] b.w.c.s.WebApplicationContextInitializer : Root WebApplicationContext: initialization completed in 1449 ms
2026-06-22T15:07:04.548+09:00  INFO 9376 --- [           main] com.zaxxer.hikari.HikariDataSource       : HikariPool-1 - Starting...
2026-06-22T15:07:04.815+09:00  INFO 9376 --- [           main] com.zaxxer.hikari.pool.HikariPool        : HikariPool-1 - Added connection com.mysql.cj.jdbc.ConnectionImpl@1491cd6c
2026-06-22T15:07:04.817+09:00  INFO 9376 --- [           main] com.zaxxer.hikari.HikariDataSource       : HikariPool-1 - Start completed.
2026-06-22T15:07:05.679+09:00  INFO 9376 --- [           main] r$InitializeUserDetailsManagerConfigurer : Global AuthenticationManager configured with UserDetailsService bean with name userDetailsService
2026-06-22T15:07:06.171+09:00  INFO 9376 --- [           main] o.s.b.a.e.web.EndpointLinksResolver      : Exposing 1 endpoint beneath base path '/actuator'
2026-06-22T15:07:06.240+09:00  INFO 9376 --- [           main] o.s.boot.tomcat.TomcatWebServer          : Tomcat started on port 8080 (http) with context path '/'
2026-06-22T15:07:06.249+09:00  INFO 9376 --- [           main] c.o.seoul.OperationSeoulApplication      : Started OperationSeoulApplication in 3.705 seconds (process running for 4.078)

> Task :bootRun FAILED
4 actionable tasks: 2 executed, 2 up-to-date
