> Task :compileJava UP-TO-DATE
> Task :processResources UP-TO-DATE
> Task :classes UP-TO-DATE
> Task :resolveMainClassName

> Task :bootRun

  .   ____          _            __ _ _
 /\\ / ___'_ __ _ _(_)_ __  __ _ \ \ \ \
( ( )\___ | '_ | '_| | '_ \/ _` | \ \ \ \
 \\/  ___)| |_)| | | | | || (_| |  ) ) ) )
  '  |____| .__|_| |_|_| |_\__, | / / / /
 =========|_|==============|___/=/_/_/_/

 :: Spring Boot ::                (v4.0.5)

2026-06-22T14:31:04.563+09:00  INFO 6936 --- [           main] c.o.seoul.OperationSeoulApplication      : Starting OperationSeoulApplication using Java 17.0.17 with PID 6936 (C:\Users\SSAFY\Desktop\KHS\operation-seoul\backend\build\classes\java\main started by SSAFY in C:\Users\SSAFY\Desktop\KHS\operation-seoul\backend)
2026-06-22T14:31:04.567+09:00  INFO 6936 --- [           main] c.o.seoul.OperationSeoulApplication      : No active profile set, falling back to 1 default profile: "local"
2026-06-22T14:31:06.072+09:00  INFO 6936 --- [           main] o.s.boot.tomcat.TomcatWebServer          : Tomcat initialized with port 8080 (http)
2026-06-22T14:31:06.085+09:00  INFO 6936 --- [           main] o.apache.catalina.core.StandardService   : Starting service [Tomcat]
2026-06-22T14:31:06.085+09:00  INFO 6936 --- [           main] o.apache.catalina.core.StandardEngine    : Starting Servlet engine: [Apache Tomcat/11.0.20]
2026-06-22T14:31:06.146+09:00  INFO 6936 --- [           main] b.w.c.s.WebApplicationContextInitializer : Root WebApplicationContext: initialization completed in 1515 ms
2026-06-22T14:31:06.253+09:00  INFO 6936 --- [           main] com.zaxxer.hikari.HikariDataSource       : HikariPool-1 - Starting...
2026-06-22T14:31:06.502+09:00  INFO 6936 --- [           main] com.zaxxer.hikari.pool.HikariPool        : HikariPool-1 - Added connection com.mysql.cj.jdbc.ConnectionImpl@1491cd6c
2026-06-22T14:31:06.503+09:00  INFO 6936 --- [           main] com.zaxxer.hikari.HikariDataSource       : HikariPool-1 - Start completed.
2026-06-22T14:31:07.339+09:00  INFO 6936 --- [           main] r$InitializeUserDetailsManagerConfigurer : Global AuthenticationManager configured with UserDetailsService bean with name userDetailsService
2026-06-22T14:31:07.783+09:00  INFO 6936 --- [           main] o.s.b.a.e.web.EndpointLinksResolver      : Exposing 1 endpoint beneath base path '/actuator'
2026-06-22T14:31:07.841+09:00  INFO 6936 --- [           main] o.s.boot.tomcat.TomcatWebServer          : Tomcat started on port 8080 (http) with context path '/'
2026-06-22T14:31:07.848+09:00  INFO 6936 --- [           main] c.o.seoul.OperationSeoulApplication      : Started OperationSeoulApplication in 3.698 seconds (process running for 4.127)

> Task :bootRun FAILED
4 actionable tasks: 2 executed, 2 up-to-date
