> Task :compileJava UP-TO-DATE
> Task :processResources UP-TO-DATE
> Task :classes UP-TO-DATE
> Task :resolveMainClassName UP-TO-DATE

> Task :bootRun

  .   ____          _            __ _ _
 /\\ / ___'_ __ _ _(_)_ __  __ _ \ \ \ \
( ( )\___ | '_ | '_| | '_ \/ _` | \ \ \ \
 \\/  ___)| |_)| | | | | || (_| |  ) ) ) )
  '  |____| .__|_| |_|_| |_\__, | / / / /
 =========|_|==============|___/=/_/_/_/

 :: Spring Boot ::                (v4.0.5)

2026-06-19T10:26:11.939+09:00  INFO 7792 --- [           main] c.o.seoul.OperationSeoulApplication      : Starting OperationSeoulApplication using Java 17.0.15 with PID 7792 (C:\Users\khsoo\Desktop\operation-seoul\backend\build\classes\java\main started by 집컴 in C:\Users\khsoo\Desktop\operation-seoul\backend)
2026-06-19T10:26:11.944+09:00  INFO 7792 --- [           main] c.o.seoul.OperationSeoulApplication      : The following 1 profile is active: "local"
2026-06-19T10:26:13.623+09:00  INFO 7792 --- [           main] o.s.boot.tomcat.TomcatWebServer          : Tomcat initialized with port 8081 (http)
2026-06-19T10:26:13.639+09:00  INFO 7792 --- [           main] o.apache.catalina.core.StandardService   : Starting service [Tomcat]
2026-06-19T10:26:13.640+09:00  INFO 7792 --- [           main] o.apache.catalina.core.StandardEngine    : Starting Servlet engine: [Apache Tomcat/11.0.20]
2026-06-19T10:26:13.803+09:00  INFO 7792 --- [           main] b.w.c.s.WebApplicationContextInitializer : Root WebApplicationContext: initialization completed in 1805 ms
2026-06-19T10:26:13.926+09:00  INFO 7792 --- [           main] com.zaxxer.hikari.HikariDataSource       : HikariPool-1 - Starting...
2026-06-19T10:26:14.195+09:00  INFO 7792 --- [           main] com.zaxxer.hikari.pool.HikariPool        : HikariPool-1 - Added connection com.mysql.cj.jdbc.ConnectionImpl@57b9389f
2026-06-19T10:26:14.197+09:00  INFO 7792 --- [           main] com.zaxxer.hikari.HikariDataSource       : HikariPool-1 - Start completed.
2026-06-19T10:26:14.980+09:00  INFO 7792 --- [           main] r$InitializeUserDetailsManagerConfigurer : Global AuthenticationManager configured with UserDetailsService bean with name userDetailsService
2026-06-19T10:26:15.548+09:00  INFO 7792 --- [           main] o.s.b.a.e.web.EndpointLinksResolver      : Exposing 1 endpoint beneath base path '/actuator'
2026-06-19T10:26:15.631+09:00  INFO 7792 --- [           main] o.s.boot.tomcat.TomcatWebServer          : Tomcat started on port 8081 (http) with context path '/'
2026-06-19T10:26:15.641+09:00  INFO 7792 --- [           main] c.o.seoul.OperationSeoulApplication      : Started OperationSeoulApplication in 4.151 seconds (process running for 4.56)
2026-06-19T10:26:16.340+09:00  INFO 7792 --- [           main] .s.b.a.l.ConditionEvaluationReportLogger : 

Error starting ApplicationContext. To display the condition evaluation report re-run your application with 'debug' enabled.
2026-06-19T10:26:16.352+09:00 ERROR 7792 --- [           main] o.s.boot.SpringApplication               : Application run failed

org.springframework.jdbc.BadSqlGrammarException: StatementCallback; bad SQL grammar [update case_evidences
set type = case when type = 'DESTINATION_CLUE' then 'EVIDENCE' else type end,
    related_clue_type = case when related_clue_type = 'DESTINATION_CLUE' then 'ANSWER_CLUE' else related_clue_type end,
    updated_at = current_timestamp
where type = 'DESTINATION_CLUE' or related_clue_type = 'DESTINATION_CLUE'
]
	at org.springframework.jdbc.support.SQLExceptionSubclassTranslator.doTranslate(SQLExceptionSubclassTranslator.java:112) ~[spring-jdbc-7.0.6.jar:7.0.6]
	at org.springframework.jdbc.support.AbstractFallbackSQLExceptionTranslator.translate(AbstractFallbackSQLExceptionTranslator.java:102) ~[spring-jdbc-7.0.6.jar:7.0.6]
	at org.springframework.jdbc.core.JdbcTemplate.translateException(JdbcTemplate.java:1549) ~[spring-jdbc-7.0.6.jar:7.0.6]
	at org.springframework.jdbc.core.JdbcTemplate.execute(JdbcTemplate.java:427) ~[spring-jdbc-7.0.6.jar:7.0.6]
	at org.springframework.jdbc.core.JdbcTemplate.update(JdbcTemplate.java:580) ~[spring-jdbc-7.0.6.jar:7.0.6]
	at com.operation.seoul.global.config.EpisodeSchemaMigration.migrateLegacyDestinationHints(EpisodeSchemaMigration.java:108) ~[main/:na]
	at com.operation.seoul.global.config.EpisodeSchemaMigration.run(EpisodeSchemaMigration.java:45) ~[main/:na]
	at org.springframework.boot.SpringApplication.lambda$callRunner$0(SpringApplication.java:788) ~[spring-boot-4.0.5.jar:4.0.5]
	at org.springframework.util.function.ThrowingConsumer$1.acceptWithException(ThrowingConsumer.java:82) ~[spring-core-7.0.6.jar:7.0.6]
	at org.springframework.util.function.ThrowingConsumer.accept(ThrowingConsumer.java:60) ~[spring-core-7.0.6.jar:7.0.6]
	at org.springframework.util.function.ThrowingConsumer$1.accept(ThrowingConsumer.java:86) ~[spring-core-7.0.6.jar:7.0.6]
	at org.springframework.boot.SpringApplication.callRunner(SpringApplication.java:800) ~[spring-boot-4.0.5.jar:4.0.5]
	at org.springframework.boot.SpringApplication.callRunner(SpringApplication.java:788) ~[spring-boot-4.0.5.jar:4.0.5]
	at org.springframework.boot.SpringApplication.lambda$callRunners$0(SpringApplication.java:776) ~[spring-boot-4.0.5.jar:4.0.5]
	at java.base/java.util.stream.ForEachOps$ForEachOp$OfRef.accept(ForEachOps.java:183) ~[na:na]
	at java.base/java.util.stream.SortedOps$SizedRefSortingSink.end(SortedOps.java:357) ~[na:na]
	at java.base/java.util.stream.AbstractPipeline.copyInto(AbstractPipeline.java:510) ~[na:na]
	at java.base/java.util.stream.AbstractPipeline.wrapAndCopyInto(AbstractPipeline.java:499) ~[na:na]
	at java.base/java.util.stream.ForEachOps$ForEachOp.evaluateSequential(ForEachOps.java:150) ~[na:na]
	at java.base/java.util.stream.ForEachOps$ForEachOp$OfRef.evaluateSequential(ForEachOps.java:173) ~[na:na]
	at java.base/java.util.stream.AbstractPipeline.evaluate(AbstractPipeline.java:234) ~[na:na]
	at java.base/java.util.stream.ReferencePipeline.forEach(ReferencePipeline.java:596) ~[na:na]
	at org.springframework.boot.SpringApplication.callRunners(SpringApplication.java:776) ~[spring-boot-4.0.5.jar:4.0.5]
	at org.springframework.boot.SpringApplication.run(SpringApplication.java:328) ~[spring-boot-4.0.5.jar:4.0.5]
	at com.operation.seoul.OperationSeoulApplication.main(OperationSeoulApplication.java:27) ~[main/:na]
Caused by: java.sql.SQLSyntaxErrorException: Unknown column 'updated_at' in 'field list'
	at com.mysql.cj.jdbc.exceptions.SQLError.createSQLException(SQLError.java:112) ~[mysql-connector-j-9.6.0.jar:9.6.0]
	at com.mysql.cj.jdbc.exceptions.SQLExceptionsMapping.translateException(SQLExceptionsMapping.java:114) ~[mysql-connector-j-9.6.0.jar:9.6.0]
	at com.mysql.cj.jdbc.StatementImpl.executeUpdateInternal(StatementImpl.java:1506) ~[mysql-connector-j-9.6.0.jar:9.6.0]
	at com.mysql.cj.jdbc.StatementImpl.executeLargeUpdate(StatementImpl.java:2303) ~[mysql-connector-j-9.6.0.jar:9.6.0]
	at com.mysql.cj.jdbc.StatementImpl.executeUpdate(StatementImpl.java:1376) ~[mysql-connector-j-9.6.0.jar:9.6.0]
	at com.zaxxer.hikari.pool.ProxyStatement.executeUpdate(ProxyStatement.java:120) ~[HikariCP-7.0.2.jar:na]
	at com.zaxxer.hikari.pool.HikariProxyStatement.executeUpdate(HikariProxyStatement.java) ~[HikariCP-7.0.2.jar:na]
	at org.springframework.jdbc.core.JdbcTemplate$1UpdateStatementCallback.doInStatement(JdbcTemplate.java:568) ~[spring-jdbc-7.0.6.jar:7.0.6]
	at org.springframework.jdbc.core.JdbcTemplate$1UpdateStatementCallback.doInStatement(JdbcTemplate.java:565) ~[spring-jdbc-7.0.6.jar:7.0.6]
	at org.springframework.jdbc.core.JdbcTemplate.execute(JdbcTemplate.java:412) ~[spring-jdbc-7.0.6.jar:7.0.6]
	... 21 common frames omitted

2026-06-19T10:26:16.359+09:00  INFO 7792 --- [           main] o.s.boot.tomcat.GracefulShutdown         : Commencing graceful shutdown. Waiting for active requests to complete
2026-06-19T10:26:16.431+09:00  INFO 7792 --- [tomcat-shutdown] o.s.boot.tomcat.GracefulShutdown         : Graceful shutdown complete
2026-06-19T10:26:16.438+09:00  INFO 7792 --- [           main] com.zaxxer.hikari.HikariDataSource       : HikariPool-1 - Shutdown initiated...
2026-06-19T10:26:16.444+09:00  INFO 7792 --- [           main] com.zaxxer.hikari.HikariDataSource       : HikariPool-1 - Shutdown completed.

> Task :bootRun FAILED
4 actionable tasks: 1 executed, 3 up-to-date
